127.0.0.1 - - [17/May/2015:10:05:00 +0000] "GET /images/logo.png HTTP/1.1" 200 22038 "-" "Mozilla/5.0 (Windows NT 10.0; Win64; x64) AppleWebKit/537.36 (KHTML, like Gecko) Chrome/92.0.4515.107 Safari/537.36 OPR/78.0.4093.112"
172.16.0.23 - - [17/May/2015:10:05:00 +0000] "GET /css/style.css HTTP/1.1" 200 46316 "-" "Opera/9.80 (Android; Opera Mini/7.6.40234/37.5738; U; uk) Presto/2.12.423 Version/12.16"
93.114.45.13 - - [17/May/2015:10:05:00 +0000] "GET /blog/post-1 HTTP/1.1" 500 45812 "-" "Mozilla/5.0 (Linux; Android 10; SM-G970F) AppleWebKit/537.36 (KHTML, like Gecko) Chrome/81.0.4044.138 Mobile Safari/537.36 OPR/58.2.2878.53403"
172.16.0.23 - - [17/May/2015:10:05:00 +0000] "GET /css/style.css HTTP/1.1" 404 49261 "-" "Mozilla/5.0 (Macintosh; Intel Mac OS X 10_15_7) AppleWebKit/537.36 (KHTML, like Gecko) Chrome/91.0.4472.114 Safari/537.36 OPR/77.0.4054.172"
8.8.8.8 - - [17/May/2015:10:05:00 +0000] "GET /blog/post-1 HTTP/1.1" 403 9570 "-" "Mozilla/5.0 (Windows NT 10.0; Win64; x64) AppleWebKit/537.36 (KHTML, like Gecko) Chrome/90.0.4430.212 Safari/537.36 OPR/76.0.4017.208 (Edition Yx GX)"
46.105.14.53 - - [17/May/2015:10:05:00 +0000] "GET /contact HTTP/1.1" 500 40361 "-" "Mozilla/5.0 (Macintosh; Intel Mac OS X 10_15_7) AppleWebKit/537.36 (KHTML, like Gecko) Chrome/91.0.4472.114 Safari/537.36 OPR/77.0.4054.172"
192.168.1.10 - - [17/May/2015:10:05:00 +0000] "GET /css/style.css HTTP/1.1" 301 5645 "-" "Mozilla/5.0 (Windows NT 10.0; Win64; x64) AppleWebKit/537.36 (KHTML, like Gecko) Chrome/92.0.4515.107 Safari/537.36 OPR/78.0.4093.112"
172.16.0.23 - - [17/May/2015:10:05:00 +0000] "GET /secret-page HTTP/1.1" 500 43861 "-" "Mozilla/5.0 (Macintosh; Intel Mac OS X 10_15_7) AppleWebKit/537.36 (KHTML, like Gecko) Chrome/91.0.4472.114 Safari/537.36 OPR/77.0.4054.172"
46.105.14.53 - - [17/May/2015:10:05:00 +0000] "GET /css/style.css HTTP/1.1" 200 23426 "-" "Mozilla/5.0 (Macintosh; Intel Mac OS X 10_15_7) AppleWebKit/537.36 (KHTML, like Gecko) Chrome/91.0.4472.114 Safari/537.36 OPR/77.0.4054.172"
46.105.14.53 - - [17/May/2015:10:05:00 +0000] "GET /index.html HTTP/1.1" 404 12723 "-" "Mozilla/5.0 (Macintosh; Intel Mac OS X 10_15_7) AppleWebKit/537.36 (KHTML, like Gecko) Chrome/91.0.4472.114 Safari/537.36 OPR/77.0.4054.172"
93.114.45.13 - - [17/May/2015:10:05:00 +0000] "GET /api/login HTTP/1.1" 200 31932 "-" "Opera/9.80 (Android; Opera Mini/7.6.40234/37.5738; U; uk) Presto/2.12.423 Version/12.16"
46.105.14.53 - - [17/May/2015:10:05:00 +0000] "GET /index.html HTTP/1.1" 200 39159 "-" "Mozilla/5.0 (Windows NT 10.0; Win64; x64) AppleWebKit/537.36 (KHTML, like Gecko) Chrome/90.0.4430.212 Safari/537.36 OPR/76.0.4017.208 (Edition Yx GX)"
192.168.1.10 - - [17/May/2015:10:05:00 +0000] "GET /contact HTTP/1.1" 404 7162 "-" "Opera/9.80 (Android; Opera Mini/7.6.40234/37.5738; U; uk) Presto/2.12.423 Version/12.16"
10.0.0.5 - - [17/May/2015:10:05:00 +0000] "GET /about.html HTTP/1.1" 404 11816 "-" "Mozilla/5.0 (Windows NT 10.0; Win64; x64) AppleWebKit/537.36 (KHTML, like Gecko) Chrome/92.0.4515.107 Safari/537.36 OPR/78.0.4093.112"
93.114.45.13 - - [17/May/2015:10:05:00 +0000] "GET /images/logo.png HTTP/1.1" 301 16152 "-" "Opera/9.80 (Android; Opera Mini/7.6.40234/37.5738; U; uk) Presto/2.12.423 Version/12.16"
8.8.8.8 - - [17/May/2015:10:05:00 +0000] "GET /contact HTTP/1.1" 403 9359 "-" "Mozilla/5.0 (Windows NT 10.0; Win64; x64) AppleWebKit/537.36 (KHTML, like Gecko) Chrome/92.0.4515.107 Safari/537.36 OPR/78.0.4093.112"
10.0.0.5 - - [17/May/2015:10:05:00 +0000] "GET /secret-page HTTP/1.1" 200 37657 "-" "Mozilla/5.0 (Linux; Android 10; SM-G970F) AppleWebKit/537.36 (KHTML, like Gecko) Chrome/81.0.4044.138 Mobile Safari/537.36 OPR/58.2.2878.53403"
93.114.45.13 - - [17/May/2015:10:05:00 +0000] "GET /contact HTTP/1.1" 200 23302 "-" "Mozilla/5.0 (Linux; Android 10; SM-G970F) AppleWebKit/537.36 (KHTML, like Gecko) Chrome/81.0.4044.138 Mobile Safari/537.36 OPR/58.2.2878.53403"
10.0.0.5 - - [17/May/2015:10:05:00 +0000] "GET /blog/post-1 HTTP/1.1" 404 43565 "-" "Mozilla/5.0 (Windows NT 10.0; Win64; x64) AppleWebKit/537.36 (KHTML, like Gecko) Chrome/92.0.4515.107 Safari/537.36 OPR/78.0.4093.112"
10.0.0.5 - - [17/May/2015:10:05:00 +0000] "GET /api/login HTTP/1.1" 200 19753 "-" "Mozilla/5.0 (Windows NT 10.0; Win64; x64) AppleWebKit/537.36 (KHTML, like Gecko) Chrome/90.0.4430.212 Safari/537.36 OPR/76.0.4017.208 (Edition Yx GX)"
172.16.0.23 - - [17/May/2015:10:05:00 +0000] "GET /secret-page HTTP/1.1" 301 32009 "-" "Opera/9.80 (Android; Opera Mini/7.6.40234/37.5738; U; uk) Presto/2.12.423 Version/12.16"
10.0.0.5 - - [17/May/2015:10:05:00 +0000] "GET /blog/post-1 HTTP/1.1" 403 38250 "-" "Mozilla/5.0 (Linux; Android 10; SM-G970F) AppleWebKit/537.36 (KHTML, like Gecko) Chrome/81.0.4044.138 Mobile Safari/537.36 OPR/58.2.2878.53403"
192.168.1.10 - - [17/May/2015:10:05:00 +0000] "GET /contact HTTP/1.1" 301 2553 "-" "Mozilla/5.0 (Windows NT 10.0; Win64; x64) AppleWebKit/537.36 (KHTML, like Gecko) Chrome/90.0.4430.212 Safari/537.36 OPR/76.0.4017.208 (Edition Yx GX)"
93.114.45.13 - - [17/May/2015:10:05:00 +0000] "GET /css/style.css HTTP/1.1" 404 3398 "-" "Opera/9.80 (Android; Opera Mini/7.6.40234/37.5738; U; uk) Presto/2.12.423 Version/12.16"
93.114.45.13 - - [17/May/2015:10:05:00 +0000] "GET /about.html HTTP/1.1" 200 29122 "-" "Mozilla/5.0 (Linux; Android 10; SM-G970F) AppleWebKit/537.36 (KHTML, like Gecko) Chrome/81.0.4044.138 Mobile Safari/537.36 OPR/58.2.2878.53403"
10.0.0.5 - - [17/May/2015:10:05:00 +0000] "GET /secret-page HTTP/1.1" 404 35983 "-" "Mozilla/5.0 (Windows NT 10.0; Win64; x64) AppleWebKit/537.36 (KHTML, like Gecko) Chrome/90.0.4430.212 Safari/537.36 OPR/76.0.4017.208 (Edition Yx GX)"
46.105.14.53 - - [17/May/2015:10:05:00 +0000] "GET /blog/post-1 HTTP/1.1" 404 47932 "-" "Mozilla/5.0 (Macintosh; Intel Mac OS X 10_15_7) AppleWebKit/537.36 (KHTML, like Gecko) Chrome/91.0.4472.114 Safari/537.36 OPR/77.0.4054.172"
192.168.1.10 - - [17/May/2015:10:05:00 +0000] "GET /about.html HTTP/1.1" 403 19749 "-" "Mozilla/5.0 (Windows NT 10.0; Win64; x64) AppleWebKit/537.36 (KHTML, like Gecko) Chrome/92.0.4515.107 Safari/537.36 OPR/78.0.4093.112"
46.105.14.53 - - [17/May/2015:10:05:00 +0000] "GET /index.html HTTP/1.1" 200 48129 "-" "Mozilla/5.0 (Windows NT 10.0; Win64; x64) AppleWebKit/537.36 (KHTML, like Gecko) Chrome/90.0.4430.212 Safari/537.36 OPR/76.0.4017.208 (Edition Yx GX)"
93.114.45.13 - - [17/May/2015:10:05:00 +0000] "GET /css/style.css HTTP/1.1" 500 43549 "-" "Mozilla/5.0 (Windows NT 10.0; Win64; x64) AppleWebKit/537.36 (KHTML, like Gecko) Chrome/90.0.4430.212 Safari/537.36 OPR/76.0.4017.208 (Edition Yx GX)"
172.16.0.23 - - [17/May/2015:10:05:00 +0000] "GET /about.html HTTP/1.1" 200 11349 "-" "Opera/9.80 (Android; Opera Mini/7.6.40234/37.5738; U; uk) Presto/2.12.423 Version/12.16"
172.16.0.23 - - [17/May/2015:10:05:00 +0000] "GET /blog/post-1 HTTP/1.1" 500 29026 "-" "Opera/9.80 (Android; Opera Mini/7.6.40234/37.5738; U; uk) Presto/2.12.423 Version/12.16"
192.168.1.10 - - [17/May/2015:10:05:00 +0000] "GET /images/logo.png HTTP/1.1" 200 37418 "-" "Mozilla/5.0 (Linux; Android 10; SM-G970F) AppleWebKit/537.36 (KHTML, like Gecko) Chrome/81.0.4044.138 Mobile Safari/537.36 OPR/58.2.2878.53403"
127.0.0.1 - - [17/May/2015:10:05:00 +0000] "GET /index.html HTTP/1.1" 200 19683 "-" "Mozilla/5.0 (Windows NT 10.0; Win64; x64) AppleWebKit/537.36 (KHTML, like Gecko) Chrome/90.0.4430.212 Safari/537.36 OPR/76.0.4017.208 (Edition Yx GX)"
93.114.45.13 - - [17/May/2015:10:05:00 +0000] "GET /contact HTTP/1.1" 200 2855 "-" "Mozilla/5.0 (Linux; Android 10; SM-G970F) AppleWebKit/537.36 (KHTML, like Gecko) Chrome/81.0.4044.138 Mobile Safari/537.36 OPR/58.2.2878.53403"
8.8.8.8 - - [17/May/2015:10:05:00 +0000] "GET /secret-page HTTP/1.1" 200 1028 "-" "Mozilla/5.0 (Windows NT 10.0; Win64; x64) AppleWebKit/537.36 (KHTML, like Gecko) Chrome/92.0.4515.107 Safari/537.36 OPR/78.0.4093.112"
8.8.8.8 - - [17/May/2015:10:05:00 +0000] "GET /index.html HTTP/1.1" 302 26786 "-" "Opera/9.80 (Android; Opera Mini/7.6.40234/37.5738; U; uk) Presto/2.12.423 Version/12.16"
10.0.0.5 - - [17/May/2015:10:05:00 +0000] "GET /api/login HTTP/1.1" 200 49444 "-" "Mozilla/5.0 (Macintosh; Intel Mac OS X 10_15_7) AppleWebKit/537.36 (KHTML, like Gecko) Chrome/91.0.4472.114 Safari/537.36 OPR/77.0.4054.172"
10.0.0.5 - - [17/May/2015:10:05:00 +0000] "GET /secret-page HTTP/1.1" 302 39975 "-" "Mozilla/5.0 (Windows NT 10.0; Win64; x64) AppleWebKit/537.36 (KHTML, like Gecko) Chrome/92.0.4515.107 Safari/537.36 OPR/78.0.4093.112"
192.168.1.10 - - [17/May/2015:10:05:00 +0000] "GET /api/login HTTP/1.1" 404 16676 "-" "Mozilla/5.0 (Windows NT 10.0; Win64; x64) AppleWebKit/537.36 (KHTML, like Gecko) Chrome/90.0.4430.212 Safari/537.36 OPR/76.0.4017.208 (Edition Yx GX)"
192.168.1.10 - - [17/May/2015:10:05:00 +0000] "GET /css/style.css HTTP/1.1" 200 39655 "-" "Mozilla/5.0 (Windows NT 10.0; Win64; x64) AppleWebKit/537.36 (KHTML, like Gecko) Chrome/90.0.4430.212 Safari/537.36 OPR/76.0.4017.208 (Edition Yx GX)"
127.0.0.1 - - [17/May/2015:10:05:00 +0000] "GET /index.html HTTP/1.1" 403 10396 "-" "Mozilla/5.0 (Windows NT 10.0; Win64; x64) AppleWebKit/537.36 (KHTML, like Gecko) Chrome/90.0.4430.212 Safari/537.36 OPR/76.0.4017.208 (Edition Yx GX)"
192.168.1.10 - - [17/May/2015:10:05:00 +0000] "GET /images/logo.png HTTP/1.1" 302 24066 "-" "Mozilla/5.0 (Windows NT 10.0; Win64; x64) AppleWebKit/537.36 (KHTML, like Gecko) Chrome/92.0.4515.107 Safari/537.36 OPR/78.0.4093.112"
93.114.45.13 - - [17/May/2015:10:05:00 +0000] "GET /secret-page HTTP/1.1" 200 29512 "-" "Mozilla/5.0 (Linux; Android 10; SM-G970F) AppleWebKit/537.36 (KHTML, like Gecko) Chrome/81.0.4044.138 Mobile Safari/537.36 OPR/58.2.2878.53403"
172.16.0.23 - - [17/May/2015:10:05:00 +0000] "GET /blog/post-1 HTTP/1.1" 200 12099 "-" "Mozilla/5.0 (Windows NT 10.0; Win64; x64) AppleWebKit/537.36 (KHTML, like Gecko) Chrome/92.0.4515.107 Safari/537.36 OPR/78.0.4093.112"
93.114.45.13 - - [17/May/2015:10:05:00 +0000] "GET /images/logo.png HTTP/1.1" 200 27429 "-" "Mozilla/5.0 (Windows NT 10.0; Win64; x64) AppleWebKit/537.36 (KHTML, like Gecko) Chrome/92.0.4515.107 Safari/537.36 OPR/78.0.4093.112"
8.8.8.8 - - [17/May/2015:10:05:00 +0000] "GET /secret-page HTTP/1.1" 301 31268 "-" "Mozilla/5.0 (Macintosh; Intel Mac OS X 10_15_7) AppleWebKit/537.36 (KHTML, like Gecko) Chrome/91.0.4472.114 Safari/537.36 OPR/77.0.4054.172"
8.8.8.8 - - [17/May/2015:10:05:00 +0000] "GET /index.html HTTP/1.1" 200 24484 "-" "Mozilla/5.0 (Windows NT 10.0; Win64; x64) AppleWebKit/537.36 (KHTML, like Gecko) Chrome/92.0.4515.107 Safari/537.36 OPR/78.0.4093.112"
192.168.1.10 - - [17/May/2015:10:05:00 +0000] "GET /api/login HTTP/1.1" 403 17759 "-" "Mozilla/5.0 (Macintosh; Intel Mac OS X 10_15_7) AppleWebKit/537.36 (KHTML, like Gecko) Chrome/91.0.4472.114 Safari/537.36 OPR/77.0.4054.172"
172.16.0.23 - - [17/May/2015:10:05:00 +0000] "GET /about.html HTTP/1.1" 404 49962 "-" "Mozilla/5.0 (Windows NT 10.0; Win64; x64) AppleWebKit/537.36 (KHTML, like Gecko) Chrome/90.0.4430.212 Safari/537.36 OPR/76.0.4017.208 (Edition Yx GX)"
192.168.1.10 - - [17/May/2015:10:05:00 +0000] "GET /api/login HTTP/1.1" 404 30680 "-" "Mozilla/5.0 (Windows NT 10.0; Win64; x64) AppleWebKit/537.36 (KHTML, like Gecko) Chrome/90.0.4430.212 Safari/537.36 OPR/76.0.4017.208 (Edition Yx GX)"
8.8.8.8 - - [17/May/2015:10:05:00 +0000] "GET /secret-page HTTP/1.1" 200 4159 "-" "Mozilla/5.0 (Macintosh; Intel Mac OS X 10_15_7) AppleWebKit/537.36 (KHTML, like Gecko) Chrome/91.0.4472.114 Safari/537.36 OPR/77.0.4054.172"
46.105.14.53 - - [17/May/2015:10:05:00 +0000] "GET /contact HTTP/1.1" 200 2404 "-" "Opera/9.80 (Android; Opera Mini/7.6.40234/37.5738; U; uk) Presto/2.12.423 Version/12.16"
127.0.0.1 - - [17/May/2015:10:05:00 +0000] "GET /contact HTTP/1.1" 301 13360 "-" "Mozilla/5.0 (Windows NT 10.0; Win64; x64) AppleWebKit/537.36 (KHTML, like Gecko) Chrome/90.0.4430.212 Safari/537.36 OPR/76.0.4017.208 (Edition Yx GX)"
93.114.45.13 - - [17/May/2015:10:05:00 +0000] "GET /blog/post-1 HTTP/1.1" 301 39876 "-" "Mozilla/5.0 (Linux; Android 10; SM-G970F) AppleWebKit/537.36 (KHTML, like Gecko) Chrome/81.0.4044.138 Mobile Safari/537.36 OPR/58.2.2878.53403"
10.0.0.5 - - [17/May/2015:10:05:00 +0000] "GET /css/style.css HTTP/1.1" 200 5343 "-" "Mozilla/5.0 (Windows NT 10.0; Win64; x64) AppleWebKit/537.36 (KHTML, like Gecko) Chrome/90.0.4430.212 Safari/537.36 OPR/76.0.4017.208 (Edition Yx GX)"
127.0.0.1 - - [17/May/2015:10:05:00 +0000] "GET /contact HTTP/1.1" 200 699 "-" "Mozilla/5.0 (Windows NT 10.0; Win64; x64) AppleWebKit/537.36 (KHTML, like Gecko) Chrome/90.0.4430.212 Safari/537.36 OPR/76.0.4017.208 (Edition Yx GX)"
172.16.0.23 - - [17/May/2015:10:05:00 +0000] "GET /about.html HTTP/1.1" 404 31543 "-" "Mozilla/5.0 (Windows NT 10.0; Win64; x64) AppleWebKit/537.36 (KHTML, like Gecko) Chrome/92.0.4515.107 Safari/537.36 OPR/78.0.4093.112"
93.114.45.13 - - [17/May/2015:10:05:00 +0000] "GET /secret-page HTTP/1.1" 200 1087 "-" "Mozilla/5.0 (Windows NT 10.0; Win64; x64) AppleWebKit/537.36 (KHTML, like Gecko) Chrome/92.0.4515.107 Safari/537.36 OPR/78.0.4093.112"
8.8.8.8 - - [17/May/2015:10:05:00 +0000] "GET /images/logo.png HTTP/1.1" 403 20264 "-" "Mozilla/5.0 (Windows NT 10.0; Win64; x64) AppleWebKit/537.36 (KHTML, like Gecko) Chrome/92.0.4515.107 Safari/537.36 OPR/78.0.4093.112"
192.168.1.10 - - [17/May/2015:10:05:00 +0000] "GET /api/login HTTP/1.1" 404 4752 "-" "Mozilla/5.0 (Windows NT 10.0; Win64; x64) AppleWebKit/537.36 (KHTML, like Gecko) Chrome/92.0.4515.107 Safari/537.36 OPR/78.0.4093.112"
192.168.1.10 - - [17/May/2015:10:05:00 +0000] "GET /css/style.css HTTP/1.1" 200 10265 "-" "Mozilla/5.0 (Windows NT 10.0; Win64; x64) AppleWebKit/537.36 (KHTML, like Gecko) Chrome/92.0.4515.107 Safari/537.36 OPR/78.0.4093.112"
172.16.0.23 - - [17/May/2015:10:05:00 +0000] "GET /index.html HTTP/1.1" 404 13178 "-" "Mozilla/5.0 (Linux; Android 10; SM-G970F) AppleWebKit/537.36 (KHTML, like Gecko) Chrome/81.0.4044.138 Mobile Safari/537.36 OPR/58.2.2878.53403"
172.16.0.23 - - [17/May/2015:10:05:00 +0000] "GET /blog/post-1 HTTP/1.1" 200 43402 "-" "Mozilla/5.0 (Linux; Android 10; SM-G970F) AppleWebKit/537.36 (KHTML, like Gecko) Chrome/81.0.4044.138 Mobile Safari/537.36 OPR/58.2.2878.53403"
192.168.1.10 - - [17/May/2015:10:05:00 +0000] "GET /images/logo.png HTTP/1.1" 200 1735 "-" "Mozilla/5.0 (Windows NT 10.0; Win64; x64) AppleWebKit/537.36 (KHTML, like Gecko) Chrome/90.0.4430.212 Safari/537.36 OPR/76.0.4017.208 (Edition Yx GX)"
8.8.8.8 - - [17/May/2015:10:05:00 +0000] "GET /index.html HTTP/1.1" 200 6729 "-" "Mozilla/5.0 (Windows NT 10.0; Win64; x64) AppleWebKit/537.36 (KHTML, like Gecko) Chrome/90.0.4430.212 Safari/537.36 OPR/76.0.4017.208 (Edition Yx GX)"
8.8.8.8 - - [17/May/2015:10:05:00 +0000] "GET /about.html HTTP/1.1" 200 6293 "-" "Mozilla/5.0 (Windows NT 10.0; Win64; x64) AppleWebKit/537.36 (KHTML, like Gecko) Chrome/92.0.4515.107 Safari/537.36 OPR/78.0.4093.112"
8.8.8.8 - - [17/May/2015:10:05:00 +0000] "GET /images/logo.png HTTP/1.1" 403 13296 "-" "Mozilla/5.0 (Windows NT 10.0; Win64; x64) AppleWebKit/537.36 (KHTML, like Gecko) Chrome/92.0.4515.107 Safari/537.36 OPR/78.0.4093.112"
46.105.14.53 - - [17/May/2015:10:05:00 +0000] "GET /about.html HTTP/1.1" 403 18924 "-" "Mozilla/5.0 (Windows NT 10.0; Win64; x64) AppleWebKit/537.36 (KHTML, like Gecko) Chrome/92.0.4515.107 Safari/537.36 OPR/78.0.4093.112"
127.0.0.1 - - [17/May/2015:10:05:00 +0000] "GET /contact HTTP/1.1" 301 26830 "-" "Mozilla/5.0 (Macintosh; Intel Mac OS X 10_15_7) AppleWebKit/537.36 (KHTML, like Gecko) Chrome/91.0.4472.114 Safari/537.36 OPR/77.0.4054.172"
8.8.8.8 - - [17/May/2015:10:05:00 +0000] "GET /about.html HTTP/1.1" 403 2814 "-" "Mozilla/5.0 (Windows NT 10.0; Win64; x64) AppleWebKit/537.36 (KHTML, like Gecko) Chrome/92.0.4515.107 Safari/537.36 OPR/78.0.4093.112"
172.16.0.23 - - [17/May/2015:10:05:00 +0000] "GET /blog/post-1 HTTP/1.1" 404 12045 "-" "Mozilla/5.0 (Windows NT 10.0; Win64; x64) AppleWebKit/537.36 (KHTML, like Gecko) Chrome/92.0.4515.107 Safari/537.36 OPR/78.0.4093.112"
10.0.0.5 - - [17/May/2015:10:05:00 +0000] "GET /images/logo.png HTTP/1.1" 404 13560 "-" "Mozilla/5.0 (Windows NT 10.0; Win64; x64) AppleWebKit/537.36 (KHTML, like Gecko) Chrome/92.0.4515.107 Safari/537.36 OPR/78.0.4093.112"
10.0.0.5 - - [17/May/2015:10:05:00 +0000] "GET /images/logo.png HTTP/1.1" 200 30493 "-" "Opera/9.80 (Android; Opera Mini/7.6.40234/37.5738; U; uk) Presto/2.12.423 Version/12.16"
10.0.0.5 - - [17/May/2015:10:05:00 +0000] "GET /index.html HTTP/1.1" 200 32044 "-" "Opera/9.80 (Android; Opera Mini/7.6.40234/37.5738; U; uk) Presto/2.12.423 Version/12.16"
172.16.0.23 - - [17/May/2015:10:05:00 +0000] "GET /contact HTTP/1.1" 200 19411 "-" "Mozilla/5.0 (Windows NT 10.0; Win64; x64) AppleWebKit/537.36 (KHTML, like Gecko) Chrome/92.0.4515.107 Safari/537.36 OPR/78.0.4093.112"
93.114.45.13 - - [17/May/2015:10:05:00 +0000] "GET /about.html HTTP/1.1" 302 19539 "-" "Mozilla/5.0 (Windows NT 10.0; Win64; x64) AppleWebKit/537.36 (KHTML, like Gecko) Chrome/90.0.4430.212 Safari/537.36 OPR/76.0.4017.208 (Edition Yx GX)"
93.114.45.13 - - [17/May/2015:10:05:00 +0000] "GET /contact HTTP/1.1" 200 11121 "-" "Mozilla/5.0 (Macintosh; Intel Mac OS X 10_15_7) AppleWebKit/537.36 (KHTML, like Gecko) Chrome/91.0.4472.114 Safari/537.36 OPR/77.0.4054.172"
10.0.0.5 - - [17/May/2015:10:05:00 +0000] "GET /api/login HTTP/1.1" 301 21359 "-" "Mozilla/5.0 (Macintosh; Intel Mac OS X 10_15_7) AppleWebKit/537.36 (KHTML, like Gecko) Chrome/91.0.4472.114 Safari/537.36 OPR/77.0.4054.172"
8.8.8.8 - - [17/May/2015:10:05:00 +0000] "GET /api/login HTTP/1.1" 404 34521 "-" "Mozilla/5.0 (Windows NT 10.0; Win64; x64) AppleWebKit/537.36 (KHTML, like Gecko) Chrome/92.0.4515.107 Safari/537.36 OPR/78.0.4093.112"
172.16.0.23 - - [17/May/2015:10:05:00 +0000] "GET /images/logo.png HTTP/1.1" 200 4729 "-" "Opera/9.80 (Android; Opera Mini/7.6.40234/37.5738; U; uk) Presto/2.12.423 Version/12.16"
8.8.8.8 - - [17/May/2015:10:05:00 +0000] "GET /about.html HTTP/1.1" 301 2424 "-" "Mozilla/5.0 (Windows NT 10.0; Win64; x64) AppleWebKit/537.36 (KHTML, like Gecko) Chrome/92.0.4515.107 Safari/537.36 OPR/78.0.4093.112"
172.16.0.23 - - [17/May/2015:10:05:00 +0000] "GET /secret-page HTTP/1.1" 404 14616 "-" "Opera/9.80 (Android; Opera Mini/7.6.40234/37.5738; U; uk) Presto/2.12.423 Version/12.16"
127.0.0.1 - - [17/May/2015:10:05:00 +0000] "GET /contact HTTP/1.1" 404 44423 "-" "Mozilla/5.0 (Linux; Android 10; SM-G970F) AppleWebKit/537.36 (KHTML, like Gecko) Chrome/81.0.4044.138 Mobile Safari/537.36 OPR/58.2.2878.53403"
46.105.14.53 - - [17/May/2015:10:05:00 +0000] "GET /images/logo.png HTTP/1.1" 404 1655 "-" "Opera/9.80 (Android; Opera Mini/7.6.40234/37.5738; U; uk) Presto/2.12.423 Version/12.16"
46.105.14.53 - - [17/May/2015:10:05:00 +0000] "GET /images/logo.png HTTP/1.1" 404 29760 "-" "Opera/9.80 (Android; Opera Mini/7.6.40234/37.5738; U; uk) Presto/2.12.423 Version/12.16"
192.168.1.10 - - [17/May/2015:10:05:00 +0000] "GET /api/login HTTP/1.1" 404 13970 "-" "Mozilla/5.0 (Linux; Android 10; SM-G970F) AppleWebKit/537.36 (KHTML, like Gecko) Chrome/81.0.4044.138 Mobile Safari/537.36 OPR/58.2.2878.53403"
93.114.45.13 - - [17/May/2015:10:05:00 +0000] "GET /images/logo.png HTTP/1.1" 301 45446 "-" "Mozilla/5.0 (Windows NT 10.0; Win64; x64) AppleWebKit/537.36 (KHTML, like Gecko) Chrome/90.0.4430.212 Safari/537.36 OPR/76.0.4017.208 (Edition Yx GX)"
10.0.0.5 - - [17/May/2015:10:05:00 +0000] "GET /blog/post-1 HTTP/1.1" 500 33269 "-" "Mozilla/5.0 (Windows NT 10.0; Win64; x64) AppleWebKit/537.36 (KHTML, like Gecko) Chrome/90.0.4430.212 Safari/537.36 OPR/76.0.4017.208 (Edition Yx GX)"
93.114.45.13 - - [17/May/2015:10:05:00 +0000] "GET /contact HTTP/1.1" 301 18784 "-" "Opera/9.80 (Android; Opera Mini/7.6.40234/37.5738; U; uk) Presto/2.12.423 Version/12.16"
8.8.8.8 - - [17/May/2015:10:05:00 +0000] "GET /images/logo.png HTTP/1.1" 200 442 "-" "Opera/9.80 (Android; Opera Mini/7.6.40234/37.5738; U; uk) Presto/2.12.423 Version/12.16"
46.105.14.53 - - [17/May/2015:10:05:00 +0000] "GET /about.html HTTP/1.1" 302 42486 "-" "Mozilla/5.0 (Linux; Android 10; SM-G970F) AppleWebKit/537.36 (KHTML, like Gecko) Chrome/81.0.4044.138 Mobile Safari/537.36 OPR/58.2.2878.53403"
192.168.1.10 - - [17/May/2015:10:05:00 +0000] "GET /about.html HTTP/1.1" 200 26075 "-" "Mozilla/5.0 (Macintosh; Intel Mac OS X 10_15_7) AppleWebKit/537.36 (KHTML, like Gecko) Chrome/91.0.4472.114 Safari/537.36 OPR/77.0.4054.172"
172.16.0.23 - - [17/May/2015:10:05:00 +0000] "GET /blog/post-1 HTTP/1.1" 500 26445 "-" "Opera/9.80 (Android; Opera Mini/7.6.40234/37.5738; U; uk) Presto/2.12.423 Version/12.16"
172.16.0.23 - - [17/May/2015:10:05:00 +0000] "GET /api/login HTTP/1.1" 500 22542 "-" "Opera/9.80 (Android; Opera Mini/7.6.40234/37.5738; U; uk) Presto/2.12.423 Version/12.16"
10.0.0.5 - - [17/May/2015:10:05:00 +0000] "GET /contact HTTP/1.1" 500 29738 "-" "Opera/9.80 (Android; Opera Mini/7.6.40234/37.5738; U; uk) Presto/2.12.423 Version/12.16"
127.0.0.1 - - [17/May/2015:10:05:00 +0000] "GET /about.html HTTP/1.1" 200 33575 "-" "Mozilla/5.0 (Windows NT 10.0; Win64; x64) AppleWebKit/537.36 (KHTML, like Gecko) Chrome/92.0.4515.107 Safari/537.36 OPR/78.0.4093.112"
8.8.8.8 - - [17/May/2015:10:05:00 +0000] "GET /about.html HTTP/1.1" 200 26989 "-" "Mozilla/5.0 (Windows NT 10.0; Win64; x64) AppleWebKit/537.36 (KHTML, like Gecko) Chrome/90.0.4430.212 Safari/537.36 OPR/76.0.4017.208 (Edition Yx GX)"
10.0.0.5 - - [17/May/2015:10:05:00 +0000] "GET /api/login HTTP/1.1" 200 44328 "-" "Mozilla/5.0 (Windows NT 10.0; Win64; x64) AppleWebKit/537.36 (KHTML, like Gecko) Chrome/90.0.4430.212 Safari/537.36 OPR/76.0.4017.208 (Edition Yx GX)"
93.114.45.13 - - [17/May/2015:10:05:00 +0000] "GET /api/login HTTP/1.1" 301 6661 "-" "Mozilla/5.0 (Windows NT 10.0; Win64; x64) AppleWebKit/537.36 (KHTML, like Gecko) Chrome/90.0.4430.212 Safari/537.36 OPR/76.0.4017.208 (Edition Yx GX)"
